---
source: crates/server/tests/gallery.rs
expression: r.grid.dump_text()
---

   Gradients
             ▄▄▄▄▄▄▄▄▄▄▄▄▄▄▄▄▄▄▄▄▄▄▄▄▄▄▄▄▄▄▄▄▄▄▄▄▄▄▄▄▄▄▄▄▄▄▄▄▄▄▄▄▄▄▄▄▄▄▄▄▄▄▄▄▄▄▄▄▄▄▄▄▄▄▄▄▄▄▄▄▄▄▄▖
  ▗▟                                                                                            ▝▖
  ▐                                                                                              ▐
  ▐  Linear sunset                                                                               ▐
  ▐                                                                                              ▐
  ▐                                                                                              ▐
  ▝▄▄▄▄▄▄▄▄▄▄▄▄▄▄▄▄▄▄▄▄▄▄▄▄▄▄▄▄▄▄▄▄▄▄▄▄▄▄▄▄▄▄▄▄▄▄▄▄▄▄▄▄▄▄▄▄▄▄▄▄▄▄▄▄▄▄▄▄▄▄▄▄▄▄▄▄▄▄▄▄▄▄▄▄▄▄▄▄▄▄▄▄▄▄▟
  ▗▄▄▄▄▄▄▄▄▄▄▄▄▄▄▄▄▄▄▄▄▄▄▄▄▄▄▄▄▄▄▄▄▄▄▄▄▄▄▄▄▄▄▄▄▄▄▄▄▄▄▄▄▄▄▄▄▄▄▄▄▄▄▄▄▄▄▄▄▄▄▄▄▄▄▄▄▄▄▄▄▄▄▄▄▄▄▄▄▄▄▄▄▄▄▖
  ▐                                                                                              ▐
  ▐  Linear ocean                                                                                ▐
  ▐                                                                                              ▐
  ▐                                                                                              ▐
  ▝▄▄▄▄▄▄▄▄▄▄▄▄▄▄▄▄▄▄▄▄▄▄▄▄▄▄▄▄▄▄▄▄▄▄▄▄▄▄▄▄▄▄▄▄▄▄▄▄▄▄▄▄▄▄▄▄▄▄▄▄▄▄▄▄▄▄▄▄▄▄▄▄▄▄▄▄▄▄▄▄▄▄▄▄▄▄▄▄▄▄▄▄▄▄▟
  ▗▄▄▄▄▄▄▄▄▄▄▄▄▄▄▄▄▄▄▄▄▄▄▄▄▄▄▄▄▄▄▄▄▄▄▄▄▄▄▄▄▄▄▄▄▄▄▄▄▄▄▄▄▄▄▄▄▄▄▄▄▄▄▄▄▄▄▄▄▄▄▄▄▄▄▄▄▄▄▄▄▄▄▄▄▄▄▄▄▄▄▄▄▄▄▖
  ▐                                                                                              ▐
  ▐                                                                                              ▐
  ▐  Radial warm                                                                                 ▐
  ▐                                                                                              ▐
  ▝▖                                                                                             ▟
  ▗▄▄▄▄▄▄▄▄▄▄▄▄▄▄▄▄▄▗▖▄▄▄▄▄▄▄▄▄▄▄▄▄▄▄▄▄▖▄▗▄▄▄▄▄▄▄▄▄▄▄▄▄▄▄▄▖▄▗▄▄▄▄▄▄▄▄▄▄▄▄▄▄▄▄▄  ▄▄▄▄▄▄▄▄▄▄▄▄▄▄▄▄▄▖
  ▐                 ▐▐                 ▐ ▐                ▐ ▐                 ▐▐                 ▐
  ▐                 ▐▐                 ▐ ▐                ▐ ▐                 ▐▐                 ▐
  ▐                 ▐▐                 ▐ ▐                ▐ ▐                 ▐▐                 ▐
  ▐▄▄▄▄▄▄▄▄▄▄▄▄▄▄▄▄▄▄▄▄▄▄▄▄▄▄▄▄▄▄▄▄▄▄▄▄▄▄▄▄▄▄▄▄▄▄▄▄▄▄▄▄▄▄▄▄▄▄▄▄▄▄▄▄▄▄▄▄▄▄▄▄▄▄▄▄▄▄▄▄▄▄▄▄▄▄▄▄▄▄▄▄▄▄▐
  ▐                                                                                              ▐
  ▐                                                                                              ▐
  ▐   Hero headline                                                                              ▐
  ▐                                                                                              ▐
