---
source: crates/server/tests/gallery.rs
expression: r.grid.dump_text()
---


    Sign up
    Name

    [Your name                                                                     ]

    Email

    [you@example.com                                                               ]

    Password
    [•••••••_______________________________________________________________________]

    Country                                  Age

    [Germany                             ▾]  [30__________________]

    Bio
    ╭──────────────────────────────────────────────────────────────────────────────╮
    │Hello                                                                         │
    │second line                                                                   │
    │                                                                              │
    ╰──────────────────────────────────────────────────────────────────────────────╯

    ╭Plan──────────────────────────────────────────────────────────────────────────╮
    │                                                                              │
    │(•) Free                                                                      │
    │                                                                              │
    │( ) Pro                                                                       │
