---
source: crates/server/tests/gallery.rs
expression: r.grid.dump_text()
---


   Video and live pixels

   video: playing
  ▗▄▄▄▄▄▄▄▄▄▄▄▄▄▄▄▄▄▄▄▄▄▄▄▄▄▄▄▄▄▗▄▄▄▄▄▄▄▄▄▄▄▄▄▄▄▄▄▄▄▖▄▄▄▄▄▄▄▄▄▖ ▗▄▄▄▄▄▄▄▄▄▄▄▄▄▄▄▄▄▄▄▄▄▄▄▄▄▄▄▄▄▖
  ▐▄▄▄▄▄▄▄▄▄▄▄▝▐      ▐         ▐       ▝▟▐▝▖   ▐▟  ▐         ▐ ▐                  ▗▄▖        ▐
  ▐▄▄▄▄▄▄▄▄▄▐▄▄▐      ▐         ▐         ▐▄▄▄ ▗▟▟  ▐         ▐ ▐                 ▟  ▝▖       ▐
  ▐         ▐         ▐         ▐         ▐ ▄▗▄▗▖   ▐         ▐ ▐                 ▖▖ ▗▟       ▐
  ▐       ▝▟▐         ▐         ▐         ▐  ▝▄▝▄   ▐         ▐ ▐                  ▝▄         ▐
  ▐▄▄▄▄▄▄   ▐         ▐         ▐         ▐         ▐         ▐ ▐                             ▐
  ▐▄▄▄▄▄▖▄▄▄▟▄▄▖      ▐         ▐         ▐         ▐         ▐ ▐                             ▐
  ▐      ▄▄▄▖▄▄▄▝▄▄▖ ▄▐▖        ▐         ▐         ▐         ▐ ▐                             ▐
  ▐         ▐   ▄▄▄▄ ▝▗▗▄▄▄▄▄▖▖ ▐         ▐         ▐         ▐  ░░░░░░░░░░░░░░░░░░░░░░▄▄▄▄▄▄▄▟
  ▐         ▐         ▐▄▄▄▄▄▄▖▞▄▟▄▄▄▖     ▐         ▐         ▐  live canvas animation
  ▐         ▐         ▐       ▝▄▐▄▄▄▄▐▖ ▄▄▐▄▄▄  ▄▄  ▐         ▐
  ▐         ▐         ▐         ▐     ▄▗▄▄▗▄▝▐▄▄▐▐▄▟▐         ▐
  ▐       ▗▄▟▄▄▄▄▄▄▄▄▄▄▄▖       ▐        ▐▐▄▐▝▄▄▟▐▐▗▝▄▄▄▄▄▄   ▐
  ▐       ▝▄▖▄▄▄▄▄▄▄▄▄▄▄▟       ▐      ▐▐▗▐▐▞▄▐▐▝▟▐▐▐▄▄▄▄▄▖▄▄▄▖
  ▐         ▐         ▐         ▐        ▝▐▟▟▝▝▐▟▝▐▐▐     ▝▄▄▄▟
  ▐         ▐         ▐         ▐         ▐▄  ▄▄  ▄▄▐         ▐
  ▐         ▐         ▐         ▐         ▐         ▐         ▐
  ▝▄▄▄▄▄▄▄▄▄▄▄▄▄▄▄▄▄▄▄▄▄▄▄▄▄▄▄▄▄▝▄▄▄▄▄▄▄▄▄▄▄▄▄▄▄▄▄▄▄▟▄▄▄▄▄▄▄▄▄▟
  ▐ ▶ Play ▐ ▐ ❚❚ Pause ▐ 0.4s
  ▐        ▐ ▐          ▐

   Text below the video stays crisp and in place while the pixels above it change every frame.
