---
source: crates/server/tests/gallery.rs
expression: r.grid.dump_text()
---


   Images
  ▗▄▄▄▄▄▄▄▄▄▄▄▄▄▄▄▄▄▄▄▄▄▄▄▄▄▄▄▄▄▄▄▄▄▄▄▄▄▄▄▄▄▄▄▄▄▄▄▄▄▄▄▄▄▄▄▄▄▄▄▄▄▄▄▄▄▄▄▄▄▄▄▄▄▄▄▄▄▄▄▖
  ▐                                                                               ▐
  ▐                                                                               ▐
  ▐                                                        ▄▄▄▄▄▄▖                ▐
  ▐                                                      ▗▄▟     ▝▄▖              ▐
  ▐                                                     ▗▟         ▝▖             ▐
  ▐                                                     ▐▐          ▐             ▐
  ▐                                                      ▖         ▗▟             ▐
  ▐                                                      ▝▄▖     ▗▄▟              ▐
  ▐                                                         ▝▄▄▄▄                 ▐
  ▐                                                                               ▐
  ▐                                                                               ▐
  ▐                                                                               ▐
  ▐                              ▗▄▄▄▄▄        ▄▄▄▄▄▄▖                            ▐
  ▐                           ▗▄▟      ▝▄▄▄▄▄▄▟       ▝▄▖                         ▐
  ▐▄▖                       ▗▄▄▄▄▄▄          ▞          ▝▄▖                       ▐
  ▐ ▝▄▄▄▄▄▄▄▄▄▄▄▄▄▄▄▄▄▄▄▄▄▄▟▞     ▗ ▄▄▄▄   ▄▄▄▟▄▝▝▄▄   ▗   ▝▄▄▄▄▄▄▄▄▄▟▝▄▄▄▄▄▄  ▄▄▄▐
  ▐    ▖   ▄▄▄▄▄▄▄▄  ▄▗▄▄                            ▄▖        ▗            ▝     ▐
  ▐▐ ▗▄▄▟    ▄▄▄     ▐  ▄▄▄▄▄▄▖▞                       ▄▄▖▄▄▄▄▄▄▄▄▄▄▄▄▄           ▐
  ▐▄▄            ▄▄▄▄▄▄      ▟ ▝▄▖           ▗ ▗             ▟         ▝▄▄▖   ▄▄▄ ▐
  ▐ ▗                       ▖      ▄▄▄▄▄▄▄▄▄   ▄▄▄      ▄                      ▗▄▄▐
  ▐        ▗             ▟      ▄                 ▝▄▄       ▄▄▄▞ ▖▄▄▄       ▗▄▄   ▐
  ▐▐     ▖        ▟                                    ▄▄▝           ▝▖▗▄▄▄  ▝    ▐
   A 640×360 photo-like image with gradients and noise. ▄▄▄▄▄▄▄▄▄▄▄▄▄▄▄▄▄▄▄▄▄▄▄▄▄▄▟

      ▗▄▄▄▖      ▗▄▄▄▄▄▄▄▄▄▄▄▄▄▄▄▄▄▄▄▄▄▄▄▄▄▄▄▖  ▗▄▄▄▄▄▄▄▄▄▄▄▄▄▄▄▄▄▄▄▖
    ▗▟     ▝▄▖  ▗▟                           ▝▖ ▐▄▄▄▄▄▄▄▄▄▄▄▄▄▄▄▄▄▄▄▐
