---
source: crates/server/tests/gallery.rs
expression: r.grid.dump_text()
---

   Sticky site  One  Two  Three                                                            Log in

▄▄▄▄▄▄▄▄▄▄▄▄▄▄▄▄▄▄▄▄▄▄▄▄▄▄▄▄▄▄▄▄▄▄▄▄▄▄▄▄▄▄▄▄▄▄▄▄▄▄▄▄▄▄▄▄▄▄▄▄▄▄▄▄▄▄▄▄▄▄▄▄▄▄▄▄▄▄▄▄▄▄▄▄▄▄▄▄▄▄▄▄▄▄▄▄▄▄▄▄
    On this page
                               Section one
    Section one
    Section two                Scroll this page: the black header, the left nav and the cookie
    Section three              banner must stay put, and the text must pass under the header
                               without leaving ghosts of old content behind it.
    Section four
                               Lorem ipsum dolor sit amet, consectetur adipiscing elit, sed do
                               eiusmod tempor incididunt ut labore et dolore magna aliqua. Ut
                               enim ad minim veniam, quis nostrud exercitation ullamco laboris
                               nisi ut aliquip ex ea commodo consequat.

                               Duis aute irure dolor in reprehenderit in voluptate velit esse
                               cillum dolore eu fugiat nulla pariatur.


                               Section two

                               Lorem ipsum dolor sit amet, consectetur adipiscing elit, sed▐ ↑  ▖
                               eiusmod tempor incididunt ut labore et dolore magna aliqua. ▝    ▟
                               enim ad minim veniam, quis nostrud exercitation ullamco laboris.

   ╭─────────────────────────────────────────────────────────────────────────────────────────────╮
   │ We use cookies to improve your experience.                                         Accept ▐ │
   ╰─────────────────────────────────────────────────────────────────────────────────────────────╯
                               Sed ut perspiciatis unde omnis iste natus error sit voluptatem
