---
source: crates/server/tests/render_fixtures.rs
expression: styles(& r.grid)
---
r00 blank x1
r01 [#222222 #fefefe ]" " [#000000 #fefefe ]"Background line one that runs rather long across the page and should be covered                    "
r02 blank x1
r03 [#222222 #fefefe ]" " [#000000 #fefefe ]"Backgroun" [#222222 #202132 ]"                                        " [#000000 #fefefe ]"the page and should be covered                    "
r04 [#222222 #fefefe ]"        " [#222222 #1e2031 ]"   " [#222222 #1f2133 ]" " [#ffffff #1f2133 ]"Modal dia" [#ffffff #202132 ]"log                          " [#222222 #fefefe ]"                                                  "
r05 [#222222 #fefefe ]" " [#000000 #fefefe ]"Backgro" [#000000 #1e2031 ]"un " [#222222 #1f2133 ]" " [#88ccff #1f2133 U L1]"Confirm" [#88ccff #1f2133 ]"  " [#222222 #202132 ]"                             " [#000000 #fefefe ]"s the page and stays visible                      "
r06 blank x4
r07 blank x3
r08 [#222222 #fefefe ]" " [#000000 #fefefe ]"Backgro" [#000000 #202132 ]"un                                        " [#222222 #fefefe ]"                                                  "
r09 blank x3
r10 blank x1
r11 blank x1
r12 blank x1
r13 blank x1
r14 blank x1
r15 blank x1
r16 blank x1
r17 blank x1
r18 blank x1
r19 blank x1
r20 blank x1
r21 blank x1
r22 blank x1
r23 blank x1
r24 blank x1
r25 blank x1
r26 blank x1
r27 blank x1
r28 blank x1
r29 blank x1
