---
source: crates/server/tests/render_fixtures.rs
expression: styles(& r.grid)
---
r00 blank x1
r01 [#222222 #ffffff ]" " [#222222 #ffffff B]"Hello" [#222222 #ffffff ]" " [#222222 #ffffff B]"glyph" [#222222 #ffffff ]"         " [#222222 #212121 ]" " [#222222 #ffffff ]"   " [#222222 #232323 ]" " [#222222 #ffffff ]"                                                                          "
r02 blank x1
r03 [#222222 #ffffff ]" A paragraph with " [#222222 #ffffff B]"bold" [#222222 #ffffff ]", " [#222222 #ffffff I]"italic" [#222222 #ffffff ]", " [#222222 #ffffff U]"underline" [#222222 #ffffff ]", " [#222222 #ffffff S]"struck" [#222222 #ffffff ]" and a " [#0066cc #ffffff U L1]"link" [#222222 #ffffff ]".                                       "
r04 blank x1
r05 [#222222 #ffffff ]"    • First item                                                                                    "
r06 [#222222 #ffffff ]"    • Second item with " [#0066cc #ffffff U L2]"another" [#0066cc #ffffff ]" " [#0066cc #ffffff U L2]"link" [#0066cc #ffffff ]"                                                                 "
r07 blank x1
r08 [#222222 #ffffff ]" " [#111111 #e5e5e5 ]"──────────────────────────────────────────────────────────────────────────────────────────────────" [#222222 #ffffff ]" "
r09 blank x1
r10 [#222222 #ffffff ]" " [#888888 #ffffff ]"Dim footer text                                                                                    "
r11 blank x1
r12 blank x1
r13 blank x1
r14 blank x1
r15 blank x1
r16 blank x1
r17 blank x1
r18 blank x1
r19 blank x1
r20 blank x1
r21 blank x1
r22 blank x1
r23 blank x1
r24 blank x1
r25 blank x1
r26 blank x1
r27 blank x1
r28 blank x1
r29 blank x1
