---
source: crates/server/tests/render_fixtures.rs
expression: styles(& r.grid)
---
r00 [#222222 #fdfdfd ]" " [#000000 #fdfdfd ]"ASCII: abc                                                                                         "
r01 [#222222 #fcfdfc ]" " [#000000 #fcfdfc ]"CJK: 日本語の文章 中文 한국어                                                                      "
r02 [#222222 #fbfcfb ]" " [#000000 #fbfcfb ]"Emoji: 😀 👍🏽 🇦🇹 👨\u{200d}👩\u{200d}👧     " [#222222 #fcfdfc ]"                                                                            "
r03 [#222222 #fcfcfb ]" " [#000000 #fcfcfb ]"Combining: e\u{301} n\u{303} ö    " [#222222 #fbfcfb ]"                                                                               "
r04 [#222222 #fdfdfd ]" " [#000000 #fdfdfd ]"Box: ┌──┐ │██│ └──┘                                                                                "
r05 blank x1
r06 blank x1
r07 blank x1
r08 blank x1
r09 blank x1
r10 blank x1
r11 blank x1
r12 blank x1
r13 blank x1
r14 blank x1
r15 blank x1
r16 blank x1
r17 blank x1
r18 blank x1
r19 blank x1
r20 blank x1
r21 blank x1
r22 blank x1
r23 blank x1
r24 blank x1
r25 blank x1
r26 blank x1
r27 blank x1
r28 blank x1
r29 blank x1
