---
source: crates/server/tests/render_fixtures.rs
expression: styles(& r.grid)
---
r00 blank x1
r01 [#222222 #fefefe ]" " [#000000 #fefefe ]"Name  " [#000000 #fefefe  L1]"[Ada______________]" [#000000 #fefefe ]"                                                                          "
r02 [#222222 #fdfdfd ]" " [#000000 #fdfdfd ]"Search " [#222222 #fefefe ]" " [#000000 #fefefe  L2]"[type" [#000000 #fefefe ]" " [#000000 #fefefe  L2]"here" [#000000 #fefefe ]"         " [#000000 #fefefe  L2]"]" [#000000 #fefefe ]"                                                                       "
r03 blank x2
r04 [#222222 #fafdfa ]" " [#000000 #fafdfa  L3]"[x" [#000000 #fdfdfd  L3]"]" [#000000 #fdfdfd ]" Subscribe                                                                                      "
r05 blank x2
r06 [#222222 #fbfcfb ]" " [#000000 #fbfcfb  L4]"(•" [#000000 #fdfdfd  L4]")" [#000000 #fdfdfd ]" One  " [#000000 #fdfdfd  L5]"(" [#000000 #fdfdfd ]" " [#000000 #fdfdfd  L5]")" [#000000 #fdfdfd ]" Two                                                                                   "
r07 blank x2
r08 [#222222 #fbfcfb ]"        " [#767676 #fbfcfb ]"┌───────────────────────────────┐                                                           "
r09 [#222222 #fdfdfd ]"       " [#222222 #fefefe ]" " [#767676 #fefefe ]"│" [#000000 #fefefe  L6]"first" [#000000 #fefefe ]" " [#000000 #fefefe  L6]"line" [#000000 #fefefe ]"                     " [#767676 #fefefe ]"│                                                           "
r10 [#222222 #fdfdfd ]" " [#000000 #fdfdfd ]"Notes  " [#767676 #fdfdfd ]"└───────────────────────────────┘                                                           "
r11 [#222222 #fdfdfd ]" " [#000000 #fdfdfd ]"Pick  " [#000000 #fdfdfd  L7]"[Beta" [#000000 #fdfdfd ]" " [#000000 #fdfdfd  L7]"▾]" [#000000 #fdfdfd ]"                                                                                     "
r12 blank x1
r13 [#222222 #fdfdfd ]" " [#222222 #f6f6f6 ]" " [#000000 #f6f6f6  L8]"Submit" [#000000 #f6f6f6 ]" " [#222222 #fdfdfd ]"                                                                                           "
r14 blank x3
r15 blank x1
r16 blank x1
r17 blank x1
r18 blank x1
r19 blank x1
r20 blank x1
r21 blank x1
r22 blank x1
r23 blank x1
r24 blank x1
r25 blank x1
r26 blank x1
r27 blank x1
r28 blank x1
r29 blank x1
